node:events:505
      throw er; // Unhandled 'error' event
      ^

Error: listen EADDRINUSE: address already in use :::5001
    at Server.setupListenHandle [as _listen2] (node:net:1380:16)
    at listenInCluster (node:net:1428:12)
    at Server.listen (node:net:1516:7)
    at Function.listen (/Users/williamgratsch/Documents/DraftDeck-Fantasy/DraftDeckFantasy 2-1-25/draftdeck-api/draftdeck-api/node_modules/express/lib/application.js:635:24)
    at Object.<anonymous> (/Users/williamgratsch/Documents/DraftDeck-Fantasy/DraftDeckFantasy 2-1-25/draftdeck-api/draftdeck-api/server.js:22:5)
    at Module._compile (node:internal/modules/cjs/loader:1099:14)
    at Object.Module._extensions..js (node:internal/modules/cjs/loader:1153:10)
    at Module.load (node:internal/modules/cjs/loader:975:32)
    at Function.Module._load (node:internal/modules/cjs/loader:822:12)
    at Function.executeUserEntryPoint [as runMain] (node:internal/modules/run_main:77:12)
Emitted 'error' event on Server instance at:
    at emitErrorNT (node:net:1407:8)
    at processTicksAndRejections (node:internal/process/task_queues:83:21) {
  code: 'EADDRINUSE',
  errno: -48,
  syscall: 'listen',
  address: '::',
  port: 5001
}

Node.js v17.9.1
